
> island-plus@0.1.0 build
> next build

▲ Next.js 16.2.9 (Turbopack)

  Creating an optimized production build ...
✓ Compiled successfully in 69s
  Running TypeScript ...
Failed to type check.

Type error: Type 'typeof import("/home/aldengraybus/Desktop/Island+/src/app/creator/[username]/layout")' does not satisfy the constraint 'LayoutConfig<"/creator/[username]">'.
  Types of property 'default' are incompatible.
    Type '({ children, params, }: { children: ReactNode; params: { username: string; }; }) => Element' is not assignable to type 'ComponentType<LayoutProps<"/creator/[username]">> | ((props: LayoutProps<"/creator/[username]">) => void | Promise<void> | ReactNode | Promise<...>)'.
      Type '({ children, params, }: { children: ReactNode; params: { username: string; }; }) => Element' is not assignable to type 'FunctionComponent<LayoutProps<"/creator/[username]">>'.
        Types of parameters '__0' and 'props' are incompatible.
          Type 'LayoutProps<"/creator/[username]">' is not assignable to type '{ children: ReactNode; params: { username: string; }; }'.
            Types of property 'params' are incompatible.
              Property 'username' is missing in type 'Promise<{ username: string; }>' but required in type '{ username: string; }'.

Next.js build worker exited with code: 1 and signal: null
